,elm ij